// Jest Snapshot v1, https://goo.gl/fbAQLP

exports[`Test PageTemplate component Test render PageTemplate component 1`] = `
<article>
  <div>
    <span>
      <h1 />
    </span>
  </div>
  <div />
</article>
`;
