// Jest Snapshot v1, https://goo.gl/fbAQLP

exports[`Test RegistrationForm component Test shallow render RegistrationForm component 1`] = `
<RegistrationForm
  props={Object {}}
/>
`;
