// Jest Snapshot v1, https://goo.gl/fbAQLP

exports[`Test Input component Test render Input component 1`] = `
<div>
  <input
    type="text"
  />
  <div />
</div>
`;
